










 ┌───────────────────────────────────────────────── initech agents ──────────────────────────────────────────────────┐
 │                                                                                                                   │
 │ ─ core ────────────────────────────────────────────────────────────────────────────────────────────────────────── │
 │                                                                                                                   │
 │   1 [x] super•     2 [x] pm         3 [x] shipper                                                                 │
 │                                                                                                                   │
 │ ─ eng ─────────────────────────────────────────────────────────────────────────────────────────────────────────── │
 │                                                                                                                   │
 │   4 [x] eng1       5 [x] eng2       6 [x] eng3       7 [x] eng4       8 [x] eng5       9 [x] eng6                 │
 │  10 [x] eng7                                                                                                      │
 │                                                                                                                   │
 │ ─ qa ──────────────────────────────────────────────────────────────────────────────────────────────────────────── │
 │                                                                                                                   │
 │  11 [x] qa1       12 [x] qa2       13 [x] qa3                                                                     │
 │                                                                                                                   │
 │ Arrows move  Space hide  Enter grab  p pin  P protect  s/S suspend  / search  g group  A all  R reset  Esc close  │
 └───────────────────────────────────────────────────────────────────────────────────────────────────────────────────┘












